// Jest Snapshot v1, https://goo.gl/fbAQLP

exports[`EsFooter <EsFooter /> 1`] = `
"<div class="es-footer clearfix">
  <div class="bg-blue-900 text-white py-200 py-lg-300 px-200">
    <div class="container px-0">
      <div class="row">
        <div class="col col-12 col-md-5 col-lg-4 font-size-200 font-size-md-400 font-weight-bold mb-150 mb-md-0">
          Make an impact.
          <br>
          It's never been easier.
        </div>
        <div class="col col-12 col-md-7 col-lg-8">
          We developed our one-of-a-kind marketplace with funding from the U.S. Department of Energy to make
          clean home energy solutions affordable and accessible to all.
        </div>
      </div>
    </div>
  </div>
  <div class="bg-blue-800 py-200 pt-lg-200 pb-lg-150 px-200">
    <div class="container px-0">
      <div class="row">
        <div class="col col-12 col-lg-8 order-lg-1 text-white">
          <div class="row">
            <div class="col col-6 col-md-3 mb-100 mb-lg-0">
              <ul class="list-unstyled mb-lg-0">
                <li class="font-weight-bold font-size-75 font-size-md-100 mb-100 mb-lg-50">
                  Our offerings
                </li>
                <li class="mt-0 mt-lg-25 mb-100 mb-lg-50 font-size-75"><a href="https://www.energysage.com/shop/home-solar/" class="text-reset">
                    Home solar
                  </a></li>
                <li class="mt-0 mt-lg-25 mb-100 mb-lg-50 font-size-75"><a href="https://www.energysage.com/shop/community-solar/" class="text-reset">
                    Community solar
                  </a></li>
                <li class="mt-0 mt-lg-25 mb-100 mb-lg-50 font-size-75"><a href="https://www.energysage.com/shop/heat-pumps/" class="text-reset">
                    Heating &amp; cooling
                  </a></li>
                <li class="mt-0 mt-lg-25 mb-100 mb-lg-50 font-size-75"><a href="https://www.energysage.com/energy-storage/" class="text-reset">
                    Backup power
                  </a></li>
                <li class="mt-0 mt-lg-25 mb-100 mb-lg-50 font-size-75"><a href="https://www.energysage.com/ev-charging/" class="text-reset">
                    EV charging
                  </a></li>
                <li class="mt-0 mt-lg-25 mb-100 mb-lg-50 font-size-75"><a href="https://www.energysage.com/businesses/" class="text-reset">
                    For your business
                  </a></li>
                <li class="mt-0 mt-lg-25 mb-100 mb-lg-50 font-size-75"><a href="https://www.energysage.com/other-clean-options/" class="text-reset">
                    Other energy options
                  </a></li>
              </ul>
            </div>
            <div class="col col-6 col-md-3 mb-100 mb-lg-0">
              <ul class="list-unstyled mb-lg-0">
                <li class="font-weight-bold font-size-75 font-size-md-100 mb-100 mb-lg-50">
                  Resources
                </li>
                <li class="mt-0 mt-lg-25 mb-100 mb-lg-50 font-size-75"><a href="https://www.energysage.com/solar/calculator/" class="text-reset">
                    Solar calculator
                  </a></li>
                <li class="mt-0 mt-lg-25 mb-100 mb-lg-50 font-size-75"><a href="https://www.energysage.com/market/equipment-rebates/" class="text-reset">
                    Solar rebates
                  </a></li>
                <li class="mt-0 mt-lg-25 mb-100 mb-lg-50 font-size-75"><a href="https://www.energysage.com/blog/" class="text-reset">
                    News
                  </a></li>
                <li class="mt-0 mt-lg-25 mb-100 mb-lg-50 font-size-75"><a href="https://help.energysage.com" rel="noopener" target="_blank" class="text-reset">
                    Help center
                  </a></li>
                <li class="mt-0 mt-lg-25 mb-100 mb-lg-50 font-size-75"><a href="https://www.energysage.com/shop/home-solar/" class="text-reset">
                    Home solar guide
                  </a></li>
                <li class="mt-0 mt-lg-25 mb-100 mb-lg-50 font-size-75"><a href="https://www.energysage.com/data/" class="text-reset">
                    Market intel
                  </a></li>
                <li class="mt-0 mt-lg-25 mb-100 mb-lg-50 font-size-75"><a href="https://www.energysage.com/refer-a-friend/" class="text-reset">
                    Refer a friend
                  </a></li>
              </ul>
            </div>
            <div class="col col-6 col-md-3 mb-100 mb-lg-0">
              <ul class="list-unstyled mb-lg-0">
                <li class="font-weight-bold font-size-75 font-size-md-100 mb-100 mb-lg-50">
                  About us
                </li>
                <li class="mt-0 mt-lg-25 mb-100 mb-lg-50 font-size-75"><a href="https://www.energysage.com/about-us/company/" class="text-reset">
                    Mission &amp; values
                  </a></li>
                <li class="mt-0 mt-lg-25 mb-100 mb-lg-50 font-size-75"><a href="https://www.energysage.com/shop/home-solar/" class="text-reset">
                    How it works
                  </a></li>
                <li class="mt-0 mt-lg-25 mb-100 mb-lg-50 font-size-75"><a href="https://www.energysage.com/about-us/careers/" class="text-reset">
                    Careers
                  </a></li>
                <li class="mt-0 mt-lg-25 mb-100 mb-lg-50 font-size-75"><a href="https://www.energysage.com/contact/" class="text-reset">
                    Contact us
                  </a></li>
                <li class="mt-0 mt-lg-25 mb-100 mb-lg-50 font-size-75"><a href="https://www.energysage.com/editorial-guidelines/" class="text-reset">
                    Editorial guidelines
                  </a></li>
              </ul>
            </div>
            <div class="col col-6 col-md-3 mb-100 mb-lg-0">
              <ul class="list-unstyled mb-lg-0">
                <li class="font-weight-bold font-size-75 font-size-md-100 mb-100 mb-lg-50">
                  Work with us
                </li>
                <li class="mt-0 mt-lg-25 mb-100 mb-lg-50 font-size-75"><a href="https://www.energysage.com/installers/" class="text-reset">
                    Solar &amp; HVAC installers
                  </a></li>
                <li class="mt-0 mt-lg-25 mb-100 mb-lg-50 font-size-75"><a href="https://www.energysage.com/partners/corporations" class="text-reset">
                    Corporate partnerships
                  </a></li>
                <li class="mt-0 mt-lg-25 mb-100 mb-lg-50 font-size-75"><a href="https://www.energysage.com/partners/non-profits" class="text-reset">
                    Community programs
                  </a></li>
                <li class="mt-0 mt-lg-25 mb-100 mb-lg-50 font-size-75"><a href="https://www.energysage.com/partners/utilities" class="text-reset">
                    Utility programs
                  </a></li>
                <li class="mt-0 mt-lg-25 mb-100 mb-lg-50 font-size-75"><a href="https://www.energysage.com/partners/" class="text-reset">
                    Others
                  </a></li>
              </ul>
            </div>
          </div>
        </div>
        <div class="col col-12 col-lg-4 order-lg-0"><a href="https://www.energysage.com" target="_self" class="d-block mb-150 d-flex justify-content-center justify-content-lg-start"><span class="sr-only">
                            EnergySage
                        </span>
            <div class="es-footer-logo"></div></a>
          <div class="d-flex text-white justify-content-center justify-content-lg-start"><a href="https://www.facebook.com/EnergySage" rel="noopener" target="_blank" class="text-reset mr-150"><span class="sr-only">Facebook</span> <svg xmlns="http://www.w3.org/2000/svg" viewBox="0 0 31 32" fill="currentColor" style="height: 32px; width: 31px;">
                <path fill="none" d="M0 .4h31v31H0z"></path>
                <path fill-rule="evenodd" clip-rule="evenodd" d="M15.5.4a15.5 15.5 0 1 0 0 31 15.5 15.5 0 0 0 0-31Zm5.7 8.1h-2a2 2 0 0 0-1.6.5c-.3.4-.4 1-.4 1.4V13h3.9l-.5 4h-3.4v10h-4V17H9.8v-4h3.4v-2.8a5.1 5.1 0 0 1 1.3-3.9A5 5 0 0 1 18.2 5l3 .1v3.5Z"></path>
              </svg></a><a href="https://www.linkedin.com/company/energysage/" rel="noopener" target="_blank" class="text-reset mr-150"><span class="sr-only">LinkedIn</span> <svg xmlns="http://www.w3.org/2000/svg" viewBox="0 0 31 32" fill="currentColor" style="height: 32px; width: 31px;">
                <path fill="none" d="M0 .4h31v31H0z"></path>
                <path fill-rule="evenodd" clip-rule="evenodd" d="M15.5.4a15.5 15.5 0 1 0 0 31 15.5 15.5 0 0 0 0-31Zm-4.74 23.8H7.04V13.02h3.72V24.2ZM8.9 11.47a1.93 1.93 0 1 1 .05-3.86 1.94 1.94 0 1 1 0 3.86H8.9Zm15.28 12.71h-3.72v-5.98c0-1.5-.53-2.53-1.86-2.53a2.03 2.03 0 0 0-1.9 1.36c-.1.3-.14.6-.13.9v6.25h-3.72s.05-10.13 0-11.16h3.72v1.59a3.72 3.72 0 0 1 3.36-1.86c2.39-.02 4.25 1.58 4.25 5v6.43Z"></path>
              </svg></a><a href="https://www.instagram.com/energysage_official/" rel="noopener" target="_blank" class="text-reset mr-150"><span class="sr-only">Instagram</span> <svg xmlns="http://www.w3.org/2000/svg" viewBox="0 0 31 32" fill="currentColor" style="height: 32px; width: 31px;">
                <path fill="none" d="M0 .4h31v31H0z"></path>
                <path fill-rule="evenodd" clip-rule="evenodd" d="M15.5.4a15.5 15.5 0 1 0 0 31 15.5 15.5 0 0 0 0-31Zm9.65 19.47c-.04.82-.2 1.63-.51 2.4a4.96 4.96 0 0 1-2.82 2.83c-.76.28-1.55.43-2.36.45-1.03.05-1.36.05-3.98.05-2.63 0-2.92-.05-4-.05a7.44 7.44 0 0 1-2.4-.55 4.51 4.51 0 0 1-2.77-2.78 7.56 7.56 0 0 1-.46-2.35c-.05-1.04-.05-1.36-.05-3.99s0-2.96.05-3.99c.03-.82.2-1.63.5-2.4a4.51 4.51 0 0 1 2.78-2.78 7.44 7.44 0 0 1 2.36-.45c1.03-.05 1.36-.05 3.99-.05 2.62 0 2.95 0 3.98.05.85.02 1.69.19 2.48.5a4.76 4.76 0 0 1 2.75 2.8c.28.75.43 1.55.46 2.35 0 1.03.05 1.37.05 3.99s-.05 2.89-.05 3.97Z"></path>
                <path fill-rule="evenodd" clip-rule="evenodd" d="M22.98 10.16a2.93 2.93 0 0 0-.73-1.07c-.3-.32-.66-.57-1.07-.74a5.58 5.58 0 0 0-1.8-.4H15.5c-2.58 0-2.89 0-3.92.08a5.5 5.5 0 0 0-1.8.34c-.41.15-.79.4-1.1.72-.32.3-.57.66-.73 1.07-.2.58-.32 1.2-.32 1.8v7.84c0 .61.12 1.22.33 1.8.16.4.4.77.72 1.07.3.32.67.57 1.07.73.58.2 1.2.32 1.81.32 1.02.06 1.33.06 3.9.06 2.59 0 2.85-.06 3.92-.06a5.58 5.58 0 0 0 1.8-.33c.8-.35 1.45-1 1.8-1.8.21-.58.32-1.2.33-1.81.05-1.02.05-1.33.05-3.91s-.05-2.9-.05-3.91a5.5 5.5 0 0 0-.33-1.8Zm-7.48 10.7a4.96 4.96 0 1 1 0-9.92 4.96 4.96 0 0 1 0 9.93Zm5.28-8.84a1.18 1.18 0 1 1 0-2.36 1.18 1.18 0 0 1 1.2 1.14v.03A1.18 1.18 0 0 1 20.75 12l.03.01Z"></path>
                <path fill-rule="evenodd" clip-rule="evenodd" d="M15.5 12.65a3.23 3.23 0 1 0-.06 6.46 3.23 3.23 0 0 0 .06-6.46Z"></path>
              </svg></a><a href="https://X.com/energysage" rel="noopener" target="_blank" class="text-reset mr-150"><span class="sr-only">X</span> <svg xmlns="http://www.w3.org/2000/svg" viewBox="0 0 31 32" fill="currentColor" style="height: 32px; width: 31px;">
                <path fill="none" d="M0 0.4h31v31H0z"></path>
                <polygon fill="white" points="15.67 14.46 10.87 7.58 8.31 7.58 14.27 16.11 15.02 17.18 15.02 17.18 20.11 24.48 22.68 24.48 16.43 15.53 15.67 14.46"></polygon>
                <path fill="currentColor" d="M15.5 0C6.94 0 0 7.16 0 16s6.94 16 15.5 16 15.5-7.16 15.5-16S24.06 0 15.5 0ZM19.33 25.67l-5.16-7.51-6.46 7.51h-1.67l7.39-8.59L6.04 6.33h5.64l4.89 7.12 6.12-7.12h1.67l-7.05 8.19h0l7.66 11.15s-5.64 0-5.64 0Z"></path>
              </svg></a><a href="https://www.youtube.com/c/EnergySage" rel="noopener" target="_blank" class="text-reset"><span class="sr-only">YouTube</span> <svg xmlns="http://www.w3.org/2000/svg" viewBox="0 0 31 32" fill="currentColor" style="height: 32px; width: 31px;">
                <path fill="none" d="M0 .4h31v31H0z"></path>
                <path fill-rule="evenodd" clip-rule="evenodd" d="m13.4 19 5.5-3-5.5-3.3v6.4Z"></path>
                <path fill-rule="evenodd" clip-rule="evenodd" d="M15.5.4a15.5 15.5 0 1 0 0 31 15.5 15.5 0 0 0 0-31ZM26.1 15V16.9a18 18 0 0 1-.4 4c0 .5-.3.9-.6 1.2-.4.4-.9.6-1.4.7-1 .3-2.7.5-6.3.5h-1.6c-8.6 0-8.7-.3-9.6-1l-.2-.2-.7-1a17.5 17.5 0 0 1-.4-4.3V14.9c0-1.4.1-2.7.4-4 .1-.5.3-.9.7-1.2.3-.4.8-.6 1.3-.7 1-.3 2.8-.5 6.3-.5h1.6c8.6 0 8.7.3 9.6 1l.2.2c.3.3.6.7.7 1.1A17.5 17.5 0 0 1 26 15Z"></path>
              </svg></a></div>
        </div>
      </div>
    </div>
  </div>
  <div class="bg-blue-700 text-blue-50 px-200 py-100">
    <div class="container px-0">
      <p class="font-size-75">
        ENERGYSAGE is a registered trademark and the EnergySage logo is a trademark of EnergySage, Inc.
        Other trademarks are the property of either EnergySage, Inc. or our licensors and are used with permission.
      </p>
      <p class="mb-200 font-size-75">
        © Copyright 2009-2024 EnergySage, Inc. All rights reserved.
      </p>
      <hr class="border-top border-blue-500 m-0">
      <div class="row justify-content-center pt-100">
        <div class="col col-6 col-lg-auto font-size-75 font-weight-semibold font-size-md-50 font-weight-md-normal mt-25 mb-50 px-lg-300"><a href="https://www.energysage.com/terms-of-use/" target="_self" class="text-reset font-weight-normal">
            Terms of use
          </a></div>
        <div class="col col-6 col-lg-auto font-size-75 font-weight-semibold font-size-md-50 font-weight-md-normal mt-25 mb-50 px-lg-300"><a href="https://www.energysage.com/privacy-policy/" target="_self" class="text-reset font-weight-normal">
            Privacy policy
          </a></div>
        <div class="col col-6 col-lg-auto font-size-75 font-weight-semibold font-size-md-50 font-weight-md-normal mt-25 mb-50 px-lg-300"><a href="https://www.energysage.com/mobile-terms-of-use/" target="_self" class="text-reset font-weight-normal">
            Mobile terms of use
          </a></div>
        <div class="col col-6 col-lg-auto font-size-75 font-weight-semibold font-size-md-50 font-weight-md-normal mt-25 mb-50 px-lg-300"><a href="https://www.energysage.com/nondiscrimination/" target="_self" class="text-reset font-weight-normal">
            Non-discrimination policy
          </a></div>
      </div>
    </div>
  </div>
  <div class="bg-blue-50 px-200 py-100">
    <div class="container px-0">
      <div class="d-lg-flex align-items-end"><img src="https://www-static.energysage.com/static/img/doe/doe-logo-179.943fe6467b04.png" alt="department of energy logo" aria-hidden="true" width="99" height="24" class="mr-100 mb-100 mb-lg-0">
        <p class="mb-0 font-size-75 font-weight-normal font-weight-lg-semibold"><a href="https://www.energy.gov/eere/solar/articles/eere-success-story-doe-funding-helps-build-one-stop-shop-rooftop-pv-systems" rel="noopener" target="_blank" class="text-blue-900">
            Learn more about our success working with the U.S. Department of Energy.
          </a></p>
      </div>
    </div>
  </div>
</div>"
`;
