// Jest Snapshot v1, https://goo.gl/fbAQLP

exports[`EsHorizontalList <EsHorizontalList /> 1`] = `
"<div class=\\"flickity-enabled\\" tabindex=\\"0\\">
  <div class=\\"flickity-viewport\\" style=\\"height: 0px;\\">
    <div class=\\"flickity-slider\\" style=\\"left: 0px; transform: translateX(NaN%);\\">
      <div style=\\"position: absolute; left: 0px; transform: translateX(NaN%);\\" class=\\"is-selected\\">Test</div>
    </div>
  </div>
</div>"
`;
